11:09:14 **** Incremental Build of configuration Debug for project us_with_pir ****
make pre-build main-build 
a9-linaro-pre-build-step
' '
'Building file: ../src/main.c'
'Invoking: ARM v7 gcc compiler'
arm-none-eabi-gcc -Wall -O0 -g3 -c -fmessage-length=0 -MT"src/main.o" -mcpu=cortex-a9 -mfpu=vfpv3 -mfloat-abi=hard -I../../us_with_pir_bsp/ps7_cortexa9_0/include -MMD -MP -MF"src/main.d" -MT"src/main.o" -o "src/main.o" "../src/main.c"
'Finished building: ../src/main.c'
' '
'Building target: us_with_pir.elf'
'Invoking: ARM v7 gcc linker'
arm-none-eabi-gcc -mcpu=cortex-a9 -mfpu=vfpv3 -mfloat-abi=hard -Wl,-build-id=none -specs=Xilinx.spec -Wl,-T -Wl,../src/lscript.ld -L../../us_with_pir_bsp/ps7_cortexa9_0/lib -o "us_with_pir.elf"  ./src/main.o ./src/utils.o   -Wl,--start-group,-lxil,-lgcc,-lc,--end-group
'Finished building target: us_with_pir.elf'
' '
'Invoking: ARM v7 Print Size'
arm-none-eabi-size us_with_pir.elf  |tee "us_with_pir.elf.size"
   text	   data	    bss	    dec	    hex	filename
  23896	   1148	  22624	  47668	   ba34	us_with_pir.elf
'Finished building: us_with_pir.elf.size'
' '

11:09:14 Build Finished (took 778ms)

