"Running Make libs in ps7_cortexa9_0/libsrc/dmaps_v2_3/src"
make -C ps7_cortexa9_0/libsrc/dmaps_v2_3/src -s libs  "SHELL=CMD" "COMPILER=arm-none-eabi-gcc" "ARCHIVER=arm-none-eabi-ar" "COMPILER_FLAGS=  -O2 -c" "EXTRA_COMPILER_FLAGS=-mcpu=cortex-a9 -mfpu=vfpv3 -mfloat-abi=hard -nostartfiles -Wall -Wextra"
"Compiling dmaps"
"Running Make libs in ps7_cortexa9_0/libsrc/scugic_v3_8/src"
make -C ps7_cortexa9_0/libsrc/scugic_v3_8/src -s libs  "SHELL=CMD" "COMPILER=arm-none-eabi-gcc" "ARCHIVER=arm-none-eabi-ar" "COMPILER_FLAGS=  -O2 -c" "EXTRA_COMPILER_FLAGS=-mcpu=cortex-a9 -mfpu=vfpv3 -mfloat-abi=hard -nostartfiles -Wall -Wextra"
"Compiling scugic"
"Running Make libs in ps7_cortexa9_0/libsrc/scutimer_v2_1/src"
make -C ps7_cortexa9_0/libsrc/scutimer_v2_1/src -s libs  "SHELL=CMD" "COMPILER=arm-none-eabi-gcc" "ARCHIVER=arm-none-eabi-ar" "COMPILER_FLAGS=  -O2 -c" "EXTRA_COMPILER_FLAGS=-mcpu=cortex-a9 -mfpu=vfpv3 -mfloat-abi=hard -nostartfiles -Wall -Wextra"
"Compiling scutimer"
"Running Make libs in ps7_cortexa9_0/libsrc/scuwdt_v2_1/src"
make -C ps7_cortexa9_0/libsrc/scuwdt_v2_1/src -s libs  "SHELL=CMD" "COMPILER=arm-none-eabi-gcc" "ARCHIVER=arm-none-eabi-ar" "COMPILER_FLAGS=  -O2 -c" "EXTRA_COMPILER_FLAGS=-mcpu=cortex-a9 -mfpu=vfpv3 -mfloat-abi=hard -nostartfiles -Wall -Wextra"
"Compiling scuwdt"
"Running Make libs in ps7_cortexa9_0/libsrc/standalone_v6_5/src"
make -C ps7_cortexa9_0/libsrc/standalone_v6_5/src -s libs  "SHELL=CMD" "COMPILER=arm-none-eabi-gcc" "ARCHIVER=arm-none-eabi-ar" "COMPILER_FLAGS=  -O2 -c" "EXTRA_COMPILER_FLAGS=-mcpu=cortex-a9 -mfpu=vfpv3 -mfloat-abi=hard -nostartfiles -Wall -Wextra"
"Compiling standalone"
"Running Make libs in ps7_cortexa9_0/libsrc/sysmon_v7_4/src"
make -C ps7_cortexa9_0/libsrc/sysmon_v7_4/src -s libs  "SHELL=CMD" "COMPILER=arm-none-eabi-gcc" "ARCHIVER=arm-none-eabi-ar" "COMPILER_FLAGS=  -O2 -c" "EXTRA_COMPILER_FLAGS=-mcpu=cortex-a9 -mfpu=vfpv3 -mfloat-abi=hard -nostartfiles -Wall -Wextra"
"Compiling sysmon"
"Running Make libs in ps7_cortexa9_0/libsrc/uartps_v3_5/src"
make -C ps7_cortexa9_0/libsrc/uartps_v3_5/src -s libs  "SHELL=CMD" "COMPILER=arm-none-eabi-gcc" "ARCHIVER=arm-none-eabi-ar" "COMPILER_FLAGS=  -O2 -c" "EXTRA_COMPILER_FLAGS=-mcpu=cortex-a9 -mfpu=vfpv3 -mfloat-abi=hard -nostartfiles -Wall -Wextra"
"Compiling uartps"
"Running Make libs in ps7_cortexa9_0/libsrc/xadcps_v2_2/src"
make -C ps7_cortexa9_0/libsrc/xadcps_v2_2/src -s libs  "SHELL=CMD" "COMPILER=arm-none-eabi-gcc" "ARCHIVER=arm-none-eabi-ar" "COMPILER_FLAGS=  -O2 -c" "EXTRA_COMPILER_FLAGS=-mcpu=cortex-a9 -mfpu=vfpv3 -mfloat-abi=hard -nostartfiles -Wall -Wextra"
"Compiling xadcps"
'Finished building libraries'
12:23:46 **** Build of configuration Debug for project light_sensor ****
make pre-build main-build 
a9-linaro-pre-build-step
' '
'Building file: ../src/test.c'
'Invoking: ARM v7 gcc compiler'
arm-none-eabi-gcc -Wall -O0 -g3 -c -fmessage-length=0 -MT"src/test.o" -mcpu=cortex-a9 -mfpu=vfpv3 -mfloat-abi=hard -I../../light_sensor_bsp/ps7_cortexa9_0/include -MMD -MP -MF"src/test.d" -MT"src/test.o" -o "src/test.o" "../src/test.c"
'Finished building: ../src/test.c'
' '
'Building file: ../src/utils.c'
'Invoking: ARM v7 gcc compiler'
arm-none-eabi-gcc -Wall -O0 -g3 -c -fmessage-length=0 -MT"src/utils.o" -mcpu=cortex-a9 -mfpu=vfpv3 -mfloat-abi=hard -I../../light_sensor_bsp/ps7_cortexa9_0/include -MMD -MP -MF"src/utils.d" -MT"src/utils.o" -o "src/utils.o" "../src/utils.c"
'Finished building: ../src/utils.c'
' '
'Building target: light_sensor.elf'
'Invoking: ARM v7 gcc linker'
arm-none-eabi-gcc -mcpu=cortex-a9 -mfpu=vfpv3 -mfloat-abi=hard -Wl,-build-id=none -specs=Xilinx.spec -Wl,-T -Wl,../src/lscript.ld -L../../light_sensor_bsp/ps7_cortexa9_0/lib -o "light_sensor.elf"  ./src/test.o ./src/utils.o   -Wl,--start-group,-lxil,-lgcc,-lc,--end-group
'Finished building target: light_sensor.elf'
' '
'Invoking: ARM v7 Print Size'
arm-none-eabi-size light_sensor.elf  |tee "light_sensor.elf.size"
   text	   data	    bss	    dec	    hex	filename
  29452	   1172	  22600	  53224	   cfe8	light_sensor.elf
'Finished building: light_sensor.elf.size'
' '
12:24:01 **** Incremental Build of configuration Debug for project light_sensor ****
make pre-build main-build 
a9-linaro-pre-build-step
' '
make: Nothing to be done for `main-build'.
